// Jest Snapshot v1, https://goo.gl/fbAQLP

exports[`it opens up an iframe when its button is clicked 1`] = `<div />`;

exports[`it renders and matches its snapshot 1`] = `<div />`;
